Traceback (most recent call last):
  File "../bin/lcheck", line 83, in <module>
    raise ValueError, "Unit '%s' is not unique!" % unitID
ValueError: Unit 'a' is not unique!
