*** WARNING *** 2b OVERLOADED BY 6.5 AMPS (780.0 WATTS) IF ALL CHANNELS ON!
